// Jest Snapshot v1, https://goo.gl/fbAQLP

exports[`Make snapshot 1`] = `
<div>
  <div>
    Signin
  </div>
</div>
`;
